src/components/auth/RegisterDialogContent.tsx(16,18): error TS2307: Cannot find module 'next/link' or its corresponding type declarations.
src/components/dialogs/LogoutDialog.tsx(14,27): error TS2307: Cannot find module 'next/navigation' or its corresponding type declarations.
src/components/layout/TripBookingSection.tsx(17,1): error TS6133: 'Pagination' is declared but its value is never read.
src/components/settings/EditProfileSection.tsx(3,10): error TS6133: 'useMemo' is declared but its value is never read.
src/components/settings/EditProfileSection.tsx(4,19): error TS2307: Cannot find module 'next/image' or its corresponding type declarations.
src/components/settings/ProfileSection.tsx(3,19): error TS2307: Cannot find module 'next/image' or its corresponding type declarations.
src/components/shared/Pagination.tsx(3,1): error TS6192: All imports in import declaration are unused.
src/layouts/MainLayout.tsx(2,20): error TS2307: Cannot find module './shared/navbars/Navbar' or its corresponding type declarations.
src/pages/private/DashboardHomePage.tsx(1,8): error TS6133: 'React' is declared but its value is never read.
